2026-08-09 14:41:57.621 [Thread-3] WARN  c.a.nacos.common.notify.NotifyCenter - [NotifyCenter] Start destroying Publisher
2026-08-09 14:41:57.621 [Thread-1] WARN  c.a.n.c.http.HttpClientBeanHolder - [HttpClientBeanHolder] Start destroying common HttpClient
2026-08-09 14:41:57.622 [Thread-3] WARN  c.a.nacos.common.notify.NotifyCenter - [NotifyCenter] Destruction of the end
2026-08-09 14:41:57.622 [JobFailAlarmMonitorHelper#monitorThread] INFO  c.xxl.tool.concurrent.CyclicThread - >>>>>>>>>>> CyclicThread[name = JobFailAlarmMonitorHelper#monitorThread] stop.
2026-08-09 14:41:57.622 [JobRegistryHelper#registryMonitorThread] INFO  c.xxl.tool.concurrent.CyclicThread - >>>>>>>>>>> CyclicThread[name = JobRegistryHelper#registryMonitorThread] stop.
2026-08-09 14:41:57.622 [JobLogReportHelper#logReportThread] INFO  c.xxl.tool.concurrent.CyclicThread - >>>>>>>>>>> CyclicThread[name = JobLogReportHelper#logReportThread] stop.
2026-08-09 14:41:57.622 [Thread-1] WARN  c.a.n.c.http.HttpClientBeanHolder - [HttpClientBeanHolder] Destruction of the end
2026-08-09 14:41:57.622 [JobCompleteHelper#jobMonitorThread] INFO  c.xxl.tool.concurrent.CyclicThread - >>>>>>>>>>> CyclicThread[name = JobCompleteHelper#jobMonitorThread] stop.
2026-08-09 14:41:59.245 [SpringApplicationShutdownHook] INFO  c.x.s.core.bootstrap.XxlSsoBootstrap - >>>>>>>>>>> xxl-sso XxlSsoBootstrap stopped.
2026-08-09 14:42:00.247 [xxl-job, admin JobScheduleHelper#scheduleThread] INFO  c.x.j.a.b.s.thread.JobScheduleHelper - >>>>>>>>>>> xxl-job, JobScheduleHelper#scheduleThread stop
2026-08-09 14:42:01.001 [xxl-job, admin JobScheduleHelper#ringThread] INFO  c.x.j.a.b.s.thread.JobScheduleHelper - >>>>>>>>>>> xxl-job, JobScheduleHelper#ringThread stop
2026-08-09 14:42:01.253 [SpringApplicationShutdownHook] INFO  c.x.j.a.b.s.thread.JobScheduleHelper - >>>>>>>>>>> xxl-job, JobScheduleHelper stop
2026-08-09 14:42:01.253 [SpringApplicationShutdownHook] INFO  c.x.j.a.b.s.t.JobTriggerPoolHelper - >>>>>>>>> xxl-job trigger thread pool shutdown success.
2026-08-09 14:42:01.253 [SpringApplicationShutdownHook] INFO  c.x.j.a.b.s.c.XxlJobAdminBootstrap - >>>>>>>>> xxl-job admin stopped.
2026-08-09 14:42:01.254 [SpringApplicationShutdownHook] INFO  com.zaxxer.hikari.HikariDataSource - HikariPool-1 - Shutdown initiated...
2026-08-09 14:42:01.258 [SpringApplicationShutdownHook] INFO  com.zaxxer.hikari.HikariDataSource - HikariPool-1 - Shutdown completed.
2026-08-09 14:42:02.788 [main] INFO  c.xxl.job.admin.JobAdminApplication - Starting JobAdminApplication using Java 21.0.6 with PID 88543 (/Users/joy/IdeaProjects/xiaobin-node/xiaobin-job/xiaobin-job-admin/target/classes started by joy in /Users/joy/IdeaProjects/xiaobin-node)
2026-08-09 14:42:02.788 [main] INFO  c.xxl.job.admin.JobAdminApplication - No active profile set, falling back to 1 default profile: "default"
2026-08-09 14:42:02.852 [main] INFO  c.a.c.n.c.NacosConfigDataLoader - [Nacos Config] Load config[dataId=xiaobin-job-admin.yaml, group=DEFAULT_GROUP] success
2026-08-09 14:42:03.191 [main] INFO  o.s.cloud.context.scope.GenericScope - BeanFactory id=b70f6489-e986-3a7b-967b-eef4fe54f2a8
2026-08-09 14:42:03.303 [main] INFO  o.s.b.w.e.tomcat.TomcatWebServer - Tomcat initialized with port 8088 (http)
2026-08-09 14:42:03.308 [main] INFO  o.a.coyote.http11.Http11NioProtocol - Initializing ProtocolHandler ["http-nio-8088"]
2026-08-09 14:42:03.308 [main] INFO  o.a.catalina.core.StandardService - Starting service [Tomcat]
2026-08-09 14:42:03.308 [main] INFO  o.a.catalina.core.StandardEngine - Starting Servlet engine: [Apache Tomcat/10.1.34]
2026-08-09 14:42:03.324 [main] INFO  o.a.c.c.C.[.[.[/xiaobin-job-admin] - Initializing Spring embedded WebApplicationContext
2026-08-09 14:42:03.324 [main] INFO  o.s.b.w.s.c.ServletWebServerApplicationContext - Root WebApplicationContext: initialization completed in 471 ms
2026-08-09 14:42:03.494 [JobRegistryHelper#registryMonitorThread] INFO  c.xxl.tool.concurrent.CyclicThread - >>>>>>>>>>> CyclicThread[name = JobRegistryHelper#registryMonitorThread] start.
2026-08-09 14:42:03.495 [JobFailAlarmMonitorHelper#monitorThread] INFO  c.xxl.tool.concurrent.CyclicThread - >>>>>>>>>>> CyclicThread[name = JobFailAlarmMonitorHelper#monitorThread] start.
2026-08-09 14:42:03.495 [JobCompleteHelper#jobMonitorThread] INFO  c.xxl.tool.concurrent.CyclicThread - >>>>>>>>>>> CyclicThread[name = JobCompleteHelper#jobMonitorThread] start.
2026-08-09 14:42:03.495 [JobLogReportHelper#logReportThread] INFO  c.xxl.tool.concurrent.CyclicThread - >>>>>>>>>>> CyclicThread[name = JobLogReportHelper#logReportThread] start.
2026-08-09 14:42:03.495 [main] INFO  c.x.j.a.b.s.c.XxlJobAdminBootstrap - >>>>>>>>> xxl-job admin start success.
2026-08-09 14:42:03.502 [JobLogReportHelper#logReportThread] INFO  com.zaxxer.hikari.HikariDataSource - HikariPool-1 - Starting...
2026-08-09 14:42:03.538 [main] INFO  c.x.s.core.bootstrap.XxlSsoBootstrap - >>>>>>>>>>> xxl-sso XxlSsoBootstrap started.
2026-08-09 14:42:03.557 [main] INFO  c.x.s.c.a.i.XxlSsoWebInterceptor - XxlSsoWebInterceptor init.
2026-08-09 14:42:03.638 [JobLogReportHelper#logReportThread] INFO  com.zaxxer.hikari.pool.HikariPool - HikariPool-1 - Added connection com.mysql.cj.jdbc.ConnectionImpl@5b19bce5
2026-08-09 14:42:03.639 [JobLogReportHelper#logReportThread] INFO  com.zaxxer.hikari.HikariDataSource - HikariPool-1 - Start completed.
2026-08-09 14:42:03.776 [main] INFO  o.s.b.a.e.web.EndpointLinksResolver - Exposing 1 endpoint beneath base path '/actuator'
2026-08-09 14:42:03.810 [main] INFO  o.a.coyote.http11.Http11NioProtocol - Starting ProtocolHandler ["http-nio-8088"]
2026-08-09 14:42:03.814 [main] INFO  o.a.c.c.C.[.[.[/xiaobin-job-admin] - Initializing Spring DispatcherServlet 'dispatcherServlet'
2026-08-09 14:42:03.814 [main] INFO  o.s.web.servlet.DispatcherServlet - Initializing Servlet 'dispatcherServlet'
2026-08-09 14:42:03.815 [main] INFO  o.s.web.servlet.DispatcherServlet - Completed initialization in 1 ms
2026-08-09 14:42:03.815 [main] INFO  o.s.b.w.e.tomcat.TomcatWebServer - Tomcat started on port 8088 (http) with context path '/xiaobin-job-admin'
2026-08-09 14:42:03.824 [main] INFO  c.xxl.job.admin.JobAdminApplication - Started JobAdminApplication in 1.432 seconds (process running for 1.894)
2026-08-09 14:42:03.827 [main] INFO  c.a.n.client.config.impl.CacheData - config listener notify warn timeout millis use default 60000 millis 
2026-08-09 14:42:03.827 [main] INFO  c.a.n.client.config.impl.CacheData - nacos.cache.data.init.snapshot = true 
2026-08-09 14:42:03.827 [main] INFO  c.a.n.c.config.impl.ClientWorker - [fixed-xiaobin-127.0.0.1_8848] [subscribe] xiaobin-job-admin.yaml+DEFAULT_GROUP+xiaobin
2026-08-09 14:42:03.830 [main] INFO  c.a.n.client.config.impl.CacheData - [fixed-xiaobin-127.0.0.1_8848] [add-listener] ok, tenant=xiaobin, dataId=xiaobin-job-admin.yaml, group=DEFAULT_GROUP, cnt=1
2026-08-09 14:42:03.830 [main] INFO  c.a.c.n.r.NacosContextRefresher - [Nacos Config] Listening config: dataId=xiaobin-job-admin.yaml, group=DEFAULT_GROUP
2026-08-09 14:42:08.006 [xxl-job, admin JobScheduleHelper#scheduleThread] INFO  c.x.j.a.b.s.thread.JobScheduleHelper - >>>>>>>>> init xxl-job admin scheduler success.
